Download http://localhost:4545/npm/registry/@denotest/no-types-in-conditional-exports
Download http://localhost:4545/npm/registry/@denotest/no-types-in-conditional-exports/1.0.0.tgz
Check file:///[WILDCARD]/cli/tests/testdata/npm/types_export_missing_declaration_file/main.ts
error: Uncaught Error: [TS7016] Could not find a declaration file for subpath ./sub in /[WILDCARD]/npm/registry/@denotest/no-types-in-conditional-exports/1.0.0/package.json. /[WILDCARD]/npm/registry/@denotest/no-types-in-conditional-exports/1.0.0/lib/foo.js implicitly has an 'any' type.
[WILDCARD]
